jim@nitroIII:~/programming/c/BigFermat/gmp-cvo$ ll
total 860027184
drwxr-xr-x. 1 jim  jim         1368 Feb  1 13:48 .
drwxr-xr-x. 1 jim  jim          284 Jan 30 19:28 ..
drwxr-xr-x. 1 jim  jim          168 Feb  1 09:02 archives
-rwxr-xr-x. 1 jim  jim         4793 Jan 18 19:30 backup_run.sh
-rwxr-xr-x. 1 jim  jim        18312 Jan 31 21:39 check_converse_gmp
-rw-------. 1 jim  jim         7103 Feb  1 13:14 check_converse_gmp.c
-rwxr-xr-x. 1 jim  jim        18416 Jan 31 21:39 check_emirp_gmp
-rw-------. 1 jim  jim         4177 Feb  1 12:58 check_emirp_gmp.c
-rwxr-xr-x. 1 jim  jim        22912 Jan 31 21:39 check_palindrome_gmp
-rw-------. 1 jim  jim         6760 Jan 31 15:34 check_palindrome_gmp.c
-rw-r--r--. 1 jim  jim            0 Feb  1 13:48 converse.dat
drwxr-xr-x. 1 jim  jim          440 Jan 30 18:23 cvpipe-aws-setup
drwxr-xr-x. 1 jim  jim          368 Jan 31 14:52 docs
-rw-r--r--. 1 jim  jim  10563686600 Feb  1 13:48 emirps.dat
-rwxr-xr-x. 1 jim  jim        18144 Jan 31 21:39 filter_primes_gmp
-rw-------. 1 jim  jim         5270 Jan 21 20:40 filter_primes_gmp-bkup.c
-rw-------. 1 jim  jim         4478 Feb  1 07:57 filter_primes_gmp.c
-rwxr-xr-x. 1 jim  jim        22616 Feb  1 05:33 gen_candidates_range_gmp
-rw-------. 1 jim  jim         7290 Feb  1 09:55 gen_candidates_range_gmp.c
-rwxr-xr-x. 1 jim  jim        18472 Jan 31 21:39 generate_candidates_gmp
-rw-------. 1 jim  jim         7859 Jan 30 09:55 generate_candidates_gmp.c
drwxr-xr-x. 1 jim  jim          244 Feb  1 09:35 logs
-rw-r--r--. 1 jim  jim         8777 Jan 30 20:00 Makefile
-rw-------. 1 jim  jim            0 Feb  1 06:48 nohup.out
-rw-r--r--. 1 jim  jim            0 Feb  1 13:48 otto_primes.dat
-rw-r--r--. 1 jim  jim  50088120000 Feb  1 09:49 p01.dat
-rw-r--r--. 1 jim  jim  50088120000 Feb  1 09:50 p02.dat
-rw-r--r--. 1 jim  jim  50088119975 Feb  1 09:50 p03.dat
-rw-r--r--. 1 jim  jim  50088120000 Feb  1 09:50 p04.dat
-rw-r--r--. 1 jim  jim  50088120000 Feb  1 09:50 p05.dat
-rw-r--r--. 1 jim  jim  50088119975 Feb  1 09:50 p06.dat
-rw-r--r--. 1 jim  jim  50088120025 Feb  1 09:50 p07.dat
-rw-r--r--. 1 jim  jim  50088120000 Feb  1 09:50 p08.dat
-rw-r--r--. 1 jim  jim  50088120000 Feb  1 09:50 p09.dat
-rw-r--r--. 1 jim  jim  50088120000 Feb  1 09:50 p10.dat
-rw-r--r--. 1 jim  jim  50088120000 Feb  1 09:50 p11.dat
-rw-r--r--. 1 jim  jim  50088120025 Feb  1 09:50 p12.dat
-rw-r--r--. 1 jim  jim  50088120000 Feb  1 09:50 p13.dat
-rw-r--r--. 1 jim  jim  50088120025 Feb  1 09:50 p14.dat
-rw-r--r--. 1 jim  jim  50088120000 Feb  1 09:50 p15.dat
-rw-r--r--. 1 jim  jim  50088120025 Feb  1 09:50 p16.dat
-rw-r--r--. 1 jim  jim   4293282900 Feb  1 13:25 primes01.dat
-rw-r--r--. 1 jim  jim   4293131325 Feb  1 13:22 primes02.dat
-rw-r--r--. 1 jim  jim   4293514750 Feb  1 13:22 primes03.dat
-rw-r--r--. 1 jim  jim   4293170225 Feb  1 13:23 primes04.dat
-rw-r--r--. 1 jim  jim   4293583575 Feb  1 13:24 primes05.dat
-rw-r--r--. 1 jim  jim   4293524150 Feb  1 13:23 primes06.dat
-rw-r--r--. 1 jim  jim   4293761150 Feb  1 13:21 primes07.dat
-rw-r--r--. 1 jim  jim   4293412250 Feb  1 13:25 primes08.dat
-rw-r--r--. 1 jim  jim   4293201250 Feb  1 13:24 primes09.dat
-rw-r--r--. 1 jim  jim   4293314325 Feb  1 13:23 primes10.dat
-rw-r--r--. 1 jim  jim   4293748850 Feb  1 13:23 primes11.dat
-rw-r--r--. 1 jim  jim   4293266650 Feb  1 13:24 primes12.dat
-rw-r--r--. 1 jim  jim   4293155500 Feb  1 13:24 primes13.dat
-rw-r--r--. 1 jim  jim   4293138075 Feb  1 13:22 primes14.dat
-rw-r--r--. 1 jim  jim   4293365725 Feb  1 13:22 primes15.dat
-rw-r--r--. 1 jim  jim   4293385400 Feb  1 13:26 primes16.dat

